// Jest Snapshot v1, https://goo.gl/fbAQLP

exports[`Modal renders correctly, matches the snapshot 1`] = `
<Portal
  containerInfo={<body />}
>
  <div
    className="app-modal"
  >
    <ModalWrapperOverlay
      modalClassName="class-1"
      modalId="id-1"
      onRequestClose={[Function]}
      overlayClassName="overlay-class-1"
      shouldCloseOnOverlayClick={true}
    >
      Modal window content
    </ModalWrapperOverlay>
  </div>
</Portal>
`;
